Archive member included because of file (symbol)

c:/freescale/kds_v3/toolchain/bin/../lib/gcc/arm-none-eabi/4.8.4/armv6-m\libgcc.a(_udivsi3.o)
                              ./utilities/fsl_debug_console.o (__aeabi_uidiv)
c:/freescale/kds_v3/toolchain/bin/../lib/gcc/arm-none-eabi/4.8.4/armv6-m\libgcc.a(_divsi3.o)
                              ./utilities/fsl_debug_console.o (__aeabi_idiv)
c:/freescale/kds_v3/toolchain/bin/../lib/gcc/arm-none-eabi/4.8.4/armv6-m\libgcc.a(_dvmd_tls.o)
                              c:/freescale/kds_v3/toolchain/bin/../lib/gcc/arm-none-eabi/4.8.4/armv6-m\libgcc.a(_udivsi3.o) (__aeabi_idiv0)
c:/freescale/kds_v3/toolchain/bin/../lib/gcc/arm-none-eabi/4.8.4/../../../../arm-none-eabi/lib/armv6-m\libg_s.a(lib_a-errno.o)
                              ./utilities/fsl_sbrk.o (__errno)
c:/freescale/kds_v3/toolchain/bin/../lib/gcc/arm-none-eabi/4.8.4/../../../../arm-none-eabi/lib/armv6-m\libg_s.a(lib_a-exit.o)
                              c:/freescale/kds_v3/toolchain/bin/../lib/gcc/arm-none-eabi/4.8.4/../../../../arm-none-eabi/lib/armv6-m/crt0.o (exit)
c:/freescale/kds_v3/toolchain/bin/../lib/gcc/arm-none-eabi/4.8.4/../../../../arm-none-eabi/lib/armv6-m\libg_s.a(lib_a-impure.o)
                              c:/freescale/kds_v3/toolchain/bin/../lib/gcc/arm-none-eabi/4.8.4/../../../../arm-none-eabi/lib/armv6-m\libg_s.a(lib_a-exit.o) (_global_impure_ptr)
c:/freescale/kds_v3/toolchain/bin/../lib/gcc/arm-none-eabi/4.8.4/../../../../arm-none-eabi/lib/armv6-m\libg_s.a(lib_a-init.o)
                              c:/freescale/kds_v3/toolchain/bin/../lib/gcc/arm-none-eabi/4.8.4/../../../../arm-none-eabi/lib/armv6-m/crt0.o (__libc_init_array)
c:/freescale/kds_v3/toolchain/bin/../lib/gcc/arm-none-eabi/4.8.4/../../../../arm-none-eabi/lib/armv6-m\libg_s.a(lib_a-malloc.o)
                              ./source/circbuf.o (malloc)
c:/freescale/kds_v3/toolchain/bin/../lib/gcc/arm-none-eabi/4.8.4/../../../../arm-none-eabi/lib/armv6-m\libg_s.a(lib_a-memcpy-stub.o)
                              ./drivers/fsl_flash.o (memcpy)
c:/freescale/kds_v3/toolchain/bin/../lib/gcc/arm-none-eabi/4.8.4/../../../../arm-none-eabi/lib/armv6-m\libg_s.a(lib_a-memmove.o)
                              ./utilities/fsl_shell.o (memmove)
c:/freescale/kds_v3/toolchain/bin/../lib/gcc/arm-none-eabi/4.8.4/../../../../arm-none-eabi/lib/armv6-m\libg_s.a(lib_a-memset.o)
                              c:/freescale/kds_v3/toolchain/bin/../lib/gcc/arm-none-eabi/4.8.4/../../../../arm-none-eabi/lib/armv6-m/crt0.o (memset)
c:/freescale/kds_v3/toolchain/bin/../lib/gcc/arm-none-eabi/4.8.4/../../../../arm-none-eabi/lib/armv6-m\libg_s.a(lib_a-nano-freer.o)
                              c:/freescale/kds_v3/toolchain/bin/../lib/gcc/arm-none-eabi/4.8.4/../../../../arm-none-eabi/lib/armv6-m\libg_s.a(lib_a-malloc.o) (_free_r)
c:/freescale/kds_v3/toolchain/bin/../lib/gcc/arm-none-eabi/4.8.4/../../../../arm-none-eabi/lib/armv6-m\libg_s.a(lib_a-nano-mallocr.o)
                              c:/freescale/kds_v3/toolchain/bin/../lib/gcc/arm-none-eabi/4.8.4/../../../../arm-none-eabi/lib/armv6-m\libg_s.a(lib_a-malloc.o) (_malloc_r)
c:/freescale/kds_v3/toolchain/bin/../lib/gcc/arm-none-eabi/4.8.4/../../../../arm-none-eabi/lib/armv6-m\libg_s.a(lib_a-printf.o)
                              ./source/memory.o (printf)
c:/freescale/kds_v3/toolchain/bin/../lib/gcc/arm-none-eabi/4.8.4/../../../../arm-none-eabi/lib/armv6-m\libg_s.a(lib_a-puts.o)
                              ./source/circbuf.o (puts)
c:/freescale/kds_v3/toolchain/bin/../lib/gcc/arm-none-eabi/4.8.4/../../../../arm-none-eabi/lib/armv6-m\libg_s.a(lib_a-sbrkr.o)
                              c:/freescale/kds_v3/toolchain/bin/../lib/gcc/arm-none-eabi/4.8.4/../../../../arm-none-eabi/lib/armv6-m\libg_s.a(lib_a-nano-mallocr.o) (_sbrk_r)
c:/freescale/kds_v3/toolchain/bin/../lib/gcc/arm-none-eabi/4.8.4/../../../../arm-none-eabi/lib/armv6-m\libg_s.a(lib_a-strlen.o)
                              ./utilities/fsl_debug_console.o (strlen)
c:/freescale/kds_v3/toolchain/bin/../lib/gcc/arm-none-eabi/4.8.4/../../../../arm-none-eabi/lib/armv6-m\libg_s.a(lib_a-vfprintf.o)
                              c:/freescale/kds_v3/toolchain/bin/../lib/gcc/arm-none-eabi/4.8.4/../../../../arm-none-eabi/lib/armv6-m\libg_s.a(lib_a-printf.o) (_vfprintf_r)
c:/freescale/kds_v3/toolchain/bin/../lib/gcc/arm-none-eabi/4.8.4/../../../../arm-none-eabi/lib/armv6-m\libg_s.a(lib_a-vfprintf_i.o)
                              c:/freescale/kds_v3/toolchain/bin/../lib/gcc/arm-none-eabi/4.8.4/../../../../arm-none-eabi/lib/armv6-m\libg_s.a(lib_a-vfprintf.o) (_printf_i)
c:/freescale/kds_v3/toolchain/bin/../lib/gcc/arm-none-eabi/4.8.4/../../../../arm-none-eabi/lib/armv6-m\libg_s.a(lib_a-wbuf.o)
                              c:/freescale/kds_v3/toolchain/bin/../lib/gcc/arm-none-eabi/4.8.4/../../../../arm-none-eabi/lib/armv6-m\libg_s.a(lib_a-puts.o) (__swbuf_r)
[...]
Memory Configuration

Name             Origin             Length             Attributes
m_interrupts     0x00000000         0x00000200         xr
m_flash_config   0x00000400         0x00000010         xr
m_text           0x00000410         0x0001fbf0         xr
m_data           0x1ffff000         0x00004000         rw
*default*        0x00000000         0xffffffff

Linker script and memory map

LOAD c:/freescale/kds_v3/toolchain/bin/../lib/gcc/arm-none-eabi/4.8.4/armv6-m/crti.o
LOAD c:/freescale/kds_v3/toolchain/bin/../lib/gcc/arm-none-eabi/4.8.4/armv6-m/crtbegin.o
LOAD c:/freescale/kds_v3/toolchain/bin/../lib/gcc/arm-none-eabi/4.8.4/../../../../arm-none-eabi/lib/armv6-m/crt0.o
LOAD ./utilities/fsl_debug_console.o
LOAD ./utilities/fsl_notifier.o
LOAD ./utilities/fsl_sbrk.o
LOAD ./utilities/fsl_shell.o
LOAD ./startup/startup_MKL25Z4.o
LOAD ./source/board.o
LOAD ./source/circbuf.o
LOAD ./source/clock_config.o
LOAD ./source/conversion.o
LOAD ./source/main.o
LOAD ./source/memory.o
LOAD ./source/nvic.o
LOAD ./source/pin_mux.o
LOAD ./source/project2.o
LOAD ./source/uart.o
LOAD ./drivers/fsl_adc16.o
LOAD ./drivers/fsl_clock.o
LOAD ./drivers/fsl_cmp.o
LOAD ./drivers/fsl_common.o
LOAD ./drivers/fsl_cop.o
LOAD ./drivers/fsl_dac.o
LOAD ./drivers/fsl_dma.o
LOAD ./drivers/fsl_dmamux.o
LOAD ./drivers/fsl_flash.o
LOAD ./drivers/fsl_gpio.o
LOAD ./drivers/fsl_i2c.o
LOAD ./drivers/fsl_i2c_dma.o
LOAD ./drivers/fsl_llwu.o
LOAD ./drivers/fsl_lpsci.o
LOAD ./drivers/fsl_lpsci_dma.o
LOAD ./drivers/fsl_lptmr.o
LOAD ./drivers/fsl_pit.o
LOAD ./drivers/fsl_pmc.o
LOAD ./drivers/fsl_rcm.o
LOAD ./drivers/fsl_rtc.o
LOAD ./drivers/fsl_sim.o
LOAD ./drivers/fsl_smc.o
LOAD ./drivers/fsl_spi.o
LOAD ./drivers/fsl_spi_dma.o
LOAD ./drivers/fsl_tpm.o
LOAD ./drivers/fsl_tsi_v4.o
LOAD ./drivers/fsl_uart.o
LOAD ./drivers/fsl_uart_dma.o
LOAD ./board/board.o
LOAD ./board/clock_config.o
LOAD ./board/pin_mux.o
LOAD ./CMSIS/system_MKL25Z4.o
LOAD c:/freescale/kds_v3/toolchain/bin/../lib/gcc/arm-none-eabi/4.8.4/../../../../arm-none-eabi/lib/armv6-m\libstdc++_s.a
LOAD c:/freescale/kds_v3/toolchain/bin/../lib/gcc/arm-none-eabi/4.8.4/../../../../arm-none-eabi/lib/armv6-m\libm.a
START GROUP
LOAD c:/freescale/kds_v3/toolchain/bin/../lib/gcc/arm-none-eabi/4.8.4/armv6-m\libgcc.a
LOAD c:/freescale/kds_v3/toolchain/bin/../lib/gcc/arm-none-eabi/4.8.4/../../../../arm-none-eabi/lib/armv6-m\libg_s.a
LOAD c:/freescale/kds_v3/toolchain/bin/../lib/gcc/arm-none-eabi/4.8.4/../../../../arm-none-eabi/lib/armv6-m\libc_s.a
END GROUP
START GROUP
LOAD c:/freescale/kds_v3/toolchain/bin/../lib/gcc/arm-none-eabi/4.8.4/armv6-m\libgcc.a
LOAD c:/freescale/kds_v3/toolchain/bin/../lib/gcc/arm-none-eabi/4.8.4/../../../../arm-none-eabi/lib/armv6-m\libc_s.a
LOAD c:/freescale/kds_v3/toolchain/bin/../lib/gcc/arm-none-eabi/4.8.4/../../../../arm-none-eabi/lib/armv6-m\libnosys.a
END GROUP
START GROUP
LOAD c:/freescale/kds_v3/toolchain/bin/../lib/gcc/arm-none-eabi/4.8.4/armv6-m\libgcc.a
LOAD c:/freescale/kds_v3/toolchain/bin/../lib/gcc/arm-none-eabi/4.8.4/../../../../arm-none-eabi/lib/armv6-m\libc_s.a
LOAD c:/freescale/kds_v3/toolchain/bin/../lib/gcc/arm-none-eabi/4.8.4/../../../../arm-none-eabi/lib/armv6-m\libnosys.a
END GROUP
LOAD c:/freescale/kds_v3/toolchain/bin/../lib/gcc/arm-none-eabi/4.8.4/armv6-m/crtend.o
LOAD c:/freescale/kds_v3/toolchain/bin/../lib/gcc/arm-none-eabi/4.8.4/armv6-m/crtn.o
                0x00000400                HEAP_SIZE = DEFINED (__heap_size__)?__heap_size__:0x400
                0x00000400                STACK_SIZE = DEFINED (__stack_size__)?__stack_size__:0x400
                0x00000000                M_VECTOR_RAM_SIZE = DEFINED (__ram_vector_table__)?0x200:0x0

.interrupts     0x00000000       0xc0
                0x00000000                __VECTOR_TABLE = .
                0x00000000                . = ALIGN (0x4)
 *(.isr_vector)
 .isr_vector    0x00000000       0xc0 ./startup/startup_MKL25Z4.o
                0x00000000                __isr_vector
                0x000000c0                . = ALIGN (0x4)

.flash_config   0x00000400       0x10
                0x00000400                . = ALIGN (0x4)
 *(.FlashConfig)
 .FlashConfig   0x00000400       0x10 ./startup/startup_MKL25Z4.o
                0x00000410                . = ALIGN (0x4)

.text           0x00000410     0x3d28
                0x00000410                . = ALIGN (0x4)
 *(.text)
 .text          0x00000410       0x60 c:/freescale/kds_v3/toolchain/bin/../lib/gcc/arm-none-eabi/4.8.4/armv6-m/crtbegin.o
 .text          0x00000470       0x78 c:/freescale/kds_v3/toolchain/bin/../lib/gcc/arm-none-eabi/4.8.4/../../../../arm-none-eabi/lib/armv6-m/crt0.o
                0x00000470                _start
                0x00000470                _mainCRTStartup
 .text          0x000004e8       0xd0 ./startup/startup_MKL25Z4.o
                0x000004e8                Reset_Handler
                0x00000530                DAC0_IRQHandler
                0x00000530                TPM1_IRQHandler
                0x00000530                PIT_IRQHandler
                0x00000530                USB0_IRQHandler
                0x00000530                CMP0_IRQHandler
                0x00000530                LPTMR0_IRQHandler
                0x00000530                FTFA_IRQHandler
                0x00000530                TPM0_IRQHandler
                0x00000530                LLWU_IRQHandler
                0x00000530                TSI0_IRQHandler
                0x00000530                ADC0_IRQHandler
                0x00000530                Reserved39_IRQHandler
                0x00000530                PORTA_IRQHandler
                0x00000530                DefaultISR
                0x00000530                PORTD_IRQHandler
                0x00000530                TPM2_IRQHandler
                0x00000530                RTC_IRQHandler
                0x00000530                RTC_Seconds_IRQHandler
                0x00000530                Reserved20_IRQHandler
                0x00000530                MCG_IRQHandler
                0x00000530                LVD_LVW_IRQHandler
                0x00000530                Reserved45_IRQHandler
                0x00000534                NMI_Handler
                0x00000538                HardFault_Handler
                0x0000053c                SVC_Handler
                0x00000540                PendSV_Handler
                0x00000544                SysTick_Handler
                0x00000548                DMA0_IRQHandler
                0x0000054c                DMA1_IRQHandler
                0x00000550                DMA2_IRQHandler
                0x00000554                DMA3_IRQHandler
                0x00000558                I2C0_IRQHandler
                0x0000055c                I2C1_IRQHandler
                0x00000560                SPI0_IRQHandler
                0x00000564                SPI1_IRQHandler
                0x0000056c                UART1_IRQHandler
                0x00000570                UART2_IRQHandler
 .text          0x000005b8       0x9c c:/freescale/kds_v3/toolchain/bin/../lib/gcc/arm-none-eabi/4.8.4/armv6-m\libgcc.a(_udivsi3.o)
                0x000005b8                __aeabi_uidiv
                0x000005b8                __udivsi3
                0x00000640                __aeabi_uidivmod
 .text          0x00000654       0xc0 c:/freescale/kds_v3/toolchain/bin/../lib/gcc/arm-none-eabi/4.8.4/armv6-m\libgcc.a(_divsi3.o)
                0x00000654                __divsi3
                0x00000654                __aeabi_idiv
                0x00000700                __aeabi_idivmod
 .text          0x00000714        0x4 c:/freescale/kds_v3/toolchain/bin/../lib/gcc/arm-none-eabi/4.8.4/armv6-m\libgcc.a(_dvmd_tls.o)
                0x00000714                __aeabi_idiv0
                0x00000714                __aeabi_ldiv0
 *(.text*)
 .text.UART_EnableTx
                0x00000718       0x40 ./utilities/fsl_debug_console.o
 .text.UART_EnableRx
                0x00000758       0x40 ./utilities/fsl_debug_console.o
 .text.LPSCI_EnableTx
                0x00000798       0x40 ./utilities/fsl_debug_console.o
 .text.LPSCI_EnableRx
                0x000007d8       0x40 ./utilities/fsl_debug_console.o
 .text.DbgConsole_Init
                0x00000818       0xfc ./utilities/fsl_debug_console.o
                0x00000818                DbgConsole_Init
 .text.DbgConsole_Printf
                0x00000914       0x48 ./utilities/fsl_debug_console.o
                0x00000914                DbgConsole_Printf
 .text.DbgConsole_Putchar
                0x0000095c       0x38 ./utilities/fsl_debug_console.o
                0x0000095c                DbgConsole_Putchar
 .text.DbgConsole_PrintfPaddingCharacter
                0x00000994       0x48 ./utilities/fsl_debug_console.o
 .text.DbgConsole_ConvertRadixNumToString
                0x000009dc      0x118 ./utilities/fsl_debug_console.o
 .text.DbgConsole_PrintfFormattedData
                0x00000af4      0x344 ./utilities/fsl_debug_console.o
 .text._write   0x00000e38       0x5c ./utilities/fsl_debug_console.o
                0x00000e38                _write
 .text._read    0x00000e94       0x48 ./utilities/fsl_debug_console.o
                0x00000e94                _read
 .text._sbrk    0x00000edc       0x5c ./utilities/fsl_sbrk.o
                0x00000edc                _sbrk
 .text.CLOCK_SetLpsci0Clock
                0x00000f38       0x38 ./source/board.o
 .text.BOARD_InitDebugConsole
                0x00000f70       0x30 ./source/board.o
                0x00000f70                BOARD_InitDebugConsole
 .text.CB_init  0x00000fa0       0x88 ./source/circbuf.o
                0x00000fa0                CB_init
 .text.CB_buffer_add_item
                0x00001028       0x68 ./source/circbuf.o
                0x00001028                CB_buffer_add_item
 .text.CB_buffer_remove_item
                0x00001090       0x64 ./source/circbuf.o
                0x00001090                CB_buffer_remove_item
 .text.CB_is_empty
                0x000010f4       0x28 ./source/circbuf.o
                0x000010f4                CB_is_empty
 .text.CLOCK_SetSimSafeDivs
                0x0000111c       0x1c ./source/clock_config.o
 .text.CLOCK_SetXtal0Freq
                0x00001138       0x18 ./source/clock_config.o
 .text.CLOCK_CONFIG_SetFllExtRefDiv
                0x00001150       0x38 ./source/clock_config.o
 .text.BOARD_BootClockRUN
                0x00001188       0x68 ./source/clock_config.o
                0x00001188                BOARD_BootClockRUN
 .text.my_itoa  0x000011f0      0x178 ./source/conversion.o
                0x000011f0                my_itoa
 .text.main     0x00001368       0x10 ./source/main.o
                0x00001368                main
 .text.my_reverse
                0x00001378       0xb8 ./source/memory.o
                0x00001378                my_reverse
 .text.enable_irq
                0x00001430       0x64 ./source/nvic.o
                0x00001430                enable_irq
 .text.set_irq_priority
                0x00001494       0xb0 ./source/nvic.o
                0x00001494                set_irq_priority
 .text.CLOCK_EnableClock
                0x00001544       0x34 ./source/pin_mux.o
 .text.PORT_SetPinMux
                0x00001578       0x3c ./source/pin_mux.o
 .text.BOARD_InitPins
                0x000015b4       0x4c ./source/pin_mux.o
                0x000015b4                BOARD_InitPins
 .text.CB_Rx_function
                0x00001600       0x24 ./source/project2.o
                0x00001600                CB_Rx_function
 .text.CB_Tx_function
                0x00001624      0x160 ./source/project2.o
                0x00001624                CB_Tx_function
 .text.project2
                0x00001784       0x70 ./source/project2.o
                0x00001784                project2
 .text.process  0x000017f4      0x110 ./source/project2.o
                0x000017f4                process
 .text.UART_configure
                0x00001904       0x3c ./source/uart.o
                0x00001904                UART_configure
 .text.UART_send_n
                0x00001940       0x44 ./source/uart.o
                0x00001940                UART_send_n
 .text.UART0_IRQHandler
                0x00001984       0x6c ./source/uart.o
                0x00001984                UART0_IRQHandler
 .text.CLOCK_SetEr32kClock
                0x000019f0       0x30 ./drivers/fsl_clock.o
 .text.CLOCK_SetPllFllSelClock
                0x00001a20       0x38 ./drivers/fsl_clock.o
 .text.OSC_SetExtRefClkConfig
                0x00001a58       0x48 ./drivers/fsl_clock.o
 .text.OSC_SetCapLoad
                0x00001aa0       0x4c ./drivers/fsl_clock.o
 .text.CLOCK_GetMcgExtClkFreq
                0x00001aec       0x34 ./drivers/fsl_clock.o
 .text.CLOCK_GetFllExtRefClkFreq
                0x00001b20       0xa4 ./drivers/fsl_clock.o
 .text.CLOCK_GetFllRefClkFreq
                0x00001bc4       0x30 ./drivers/fsl_clock.o
 .text.CLOCK_GetPll0RefFreq
                0x00001bf4       0x10 ./drivers/fsl_clock.o
 .text.CLOCK_GetOscRangeFromFreq
                0x00001c04       0x4c ./drivers/fsl_clock.o
 .text.CLOCK_GetPllFllSelClkFreq
                0x00001c50       0x50 ./drivers/fsl_clock.o
                0x00001c50                CLOCK_GetPllFllSelClkFreq
 .text.CLOCK_SetSimConfig
                0x00001ca0       0x34 ./drivers/fsl_clock.o
                0x00001ca0                CLOCK_SetSimConfig
 .text.CLOCK_GetFllFreq
                0x00001cd4       0x7c ./drivers/fsl_clock.o
                0x00001cd4                CLOCK_GetFllFreq
 .text.CLOCK_GetPll0Freq
                0x00001d50       0x80 ./drivers/fsl_clock.o
                0x00001d50                CLOCK_GetPll0Freq
 .text.CLOCK_SetExternalRefClkConfig
                0x00001dd0       0x18 ./drivers/fsl_clock.o
                0x00001dd0                CLOCK_SetExternalRefClkConfig
 .text.CLOCK_SetInternalRefClkConfig
                0x00001de8      0x120 ./drivers/fsl_clock.o
                0x00001de8                CLOCK_SetInternalRefClkConfig
 .text.CLOCK_EnablePll0
                0x00001f08       0xa4 ./drivers/fsl_clock.o
                0x00001f08                CLOCK_EnablePll0
 .text.CLOCK_InitOsc0
                0x00001fac       0x98 ./drivers/fsl_clock.o
                0x00001fac                CLOCK_InitOsc0
 .text.CLOCK_SetPbeMode
                0x00002044       0xc0 ./drivers/fsl_clock.o
                0x00002044                CLOCK_SetPbeMode
 .text.CLOCK_BootToPeeMode
                0x00002104       0x80 ./drivers/fsl_clock.o
                0x00002104                CLOCK_BootToPeeMode
 .text.__assert_func
                0x00002184       0x28 ./drivers/fsl_common.o
                0x00002184                __assert_func
 .text.DMA_ClearChannelStatusFlags
                0x000021ac       0x60 ./drivers/fsl_dma.o
 .text.DMA_HandleIRQ
                0x0000220c       0x60 ./drivers/fsl_dma.o
                0x0000220c                DMA_HandleIRQ
 .text.DMA0_DriverIRQHandler
                0x0000226c       0x18 ./drivers/fsl_dma.o
                0x0000226c                DMA0_DriverIRQHandler
 .text.DMA1_DriverIRQHandler
                0x00002284       0x18 ./drivers/fsl_dma.o
                0x00002284                DMA1_DriverIRQHandler
 .text.DMA2_DriverIRQHandler
                0x0000229c       0x18 ./drivers/fsl_dma.o
                0x0000229c                DMA2_DriverIRQHandler
 .text.DMA3_DriverIRQHandler
                0x000022b4       0x18 ./drivers/fsl_dma.o
                0x000022b4                DMA3_DriverIRQHandler
 .text.I2C_TransferCommonIRQHandler
                0x000022cc       0x58 ./drivers/fsl_i2c.o
 .text.I2C0_DriverIRQHandler
                0x00002324       0x20 ./drivers/fsl_i2c.o
                0x00002324                I2C0_DriverIRQHandler
 .text.I2C1_DriverIRQHandler
                0x00002344       0x20 ./drivers/fsl_i2c.o
                0x00002344                I2C1_DriverIRQHandler
 .text.CLOCK_EnableClock
                0x00002364       0x34 ./drivers/fsl_lpsci.o
 .text.LPSCI_GetInstance
                0x00002398       0x54 ./drivers/fsl_lpsci.o
                0x00002398                LPSCI_GetInstance
 .text.LPSCI_Init
                0x000023ec      0x280 ./drivers/fsl_lpsci.o
                0x000023ec                LPSCI_Init
 .text.LPSCI_GetDefaultConfig
                0x0000266c       0x50 ./drivers/fsl_lpsci.o
                0x0000266c                LPSCI_GetDefaultConfig
 .text.LPSCI_GetStatusFlags
                0x000026bc       0x28 ./drivers/fsl_lpsci.o
                0x000026bc                LPSCI_GetStatusFlags
 .text.LPSCI_ClearStatusFlags
                0x000026e4       0x98 ./drivers/fsl_lpsci.o
                0x000026e4                LPSCI_ClearStatusFlags
 .text.LPSCI_WriteBlocking
                0x0000277c       0x5c ./drivers/fsl_lpsci.o
                0x0000277c                LPSCI_WriteBlocking
 .text.LPSCI_ReadBlocking
                0x000027d8       0xd4 ./drivers/fsl_lpsci.o
                0x000027d8                LPSCI_ReadBlocking
 .text.UART0_DriverIRQHandler
                0x000028ac       0x24 ./drivers/fsl_lpsci.o
                0x000028ac                UART0_DriverIRQHandler
 .text.SPI_CommonIRQHandler
                0x000028d0       0x54 ./drivers/fsl_spi.o
 .text.SPI0_DriverIRQHandler
                0x00002924       0x3c ./drivers/fsl_spi.o
                0x00002924                SPI0_DriverIRQHandler
 .text.SPI1_DriverIRQHandler
                0x00002960       0x3c ./drivers/fsl_spi.o
                0x00002960                SPI1_DriverIRQHandler
 .text.CLOCK_EnableClock
                0x0000299c       0x34 ./drivers/fsl_uart.o
 .text.UART_GetInstance
                0x000029d0       0x60 ./drivers/fsl_uart.o
                0x000029d0                UART_GetInstance
 .text.UART_Init
                0x00002a30      0x210 ./drivers/fsl_uart.o
                0x00002a30                UART_Init
 .text.UART_GetDefaultConfig
                0x00002c40       0x50 ./drivers/fsl_uart.o
                0x00002c40                UART_GetDefaultConfig
 .text.UART_GetStatusFlags
                0x00002c90       0x28 ./drivers/fsl_uart.o
                0x00002c90                UART_GetStatusFlags
 .text.UART_WriteBlocking
                0x00002cb8       0x3c ./drivers/fsl_uart.o
                0x00002cb8                UART_WriteBlocking
 .text.UART_ReadBlocking
                0x00002cf4       0xac ./drivers/fsl_uart.o
                0x00002cf4                UART_ReadBlocking
 .text.UART1_DriverIRQHandler
                0x00002da0       0x24 ./drivers/fsl_uart.o
                0x00002da0                UART1_DriverIRQHandler
 .text.UART2_DriverIRQHandler
                0x00002dc4       0x24 ./drivers/fsl_uart.o
                0x00002dc4                UART2_DriverIRQHandler
 .text.SystemInit
                0x00002de8       0x18 ./CMSIS/system_MKL25Z4.o
                0x00002de8                SystemInit
 .text.__errno  0x00002e00        0xc c:/freescale/kds_v3/toolchain/bin/../lib/gcc/arm-none-eabi/4.8.4/../../../../arm-none-eabi/lib/armv6-m\libg_s.a(lib_a-errno.o)
                0x00002e00                __errno
 .text.exit     0x00002e0c       0x2c c:/freescale/kds_v3/toolchain/bin/../lib/gcc/arm-none-eabi/4.8.4/../../../../arm-none-eabi/lib/armv6-m\libg_s.a(lib_a-exit.o)
                0x00002e0c                exit
 .text.__libc_init_array
                0x00002e38       0x4c c:/freescale/kds_v3/toolchain/bin/../lib/gcc/arm-none-eabi/4.8.4/../../../../arm-none-eabi/lib/armv6-m\libg_s.a(lib_a-init.o)
                0x00002e38                __libc_init_array
 .text.malloc   0x00002e84       0x14 c:/freescale/kds_v3/toolchain/bin/../lib/gcc/arm-none-eabi/4.8.4/../../../../arm-none-eabi/lib/armv6-m\libg_s.a(lib_a-malloc.o)
                0x00002e84                malloc
 .text.free     0x00002e98       0x14 c:/freescale/kds_v3/toolchain/bin/../lib/gcc/arm-none-eabi/4.8.4/../../../../arm-none-eabi/lib/armv6-m\libg_s.a(lib_a-malloc.o)
                0x00002e98                free
 .text.memset   0x00002eac       0x10 c:/freescale/kds_v3/toolchain/bin/../lib/gcc/arm-none-eabi/4.8.4/../../../../arm-none-eabi/lib/armv6-m\libg_s.a(lib_a-memset.o)
                0x00002eac                memset
 .text._free_r  0x00002ebc       0x90 c:/freescale/kds_v3/toolchain/bin/../lib/gcc/arm-none-eabi/4.8.4/../../../../arm-none-eabi/lib/armv6-m\libg_s.a(lib_a-nano-freer.o)
                0x00002ebc                _free_r
 .text._malloc_r
                0x00002f4c       0xa8 c:/freescale/kds_v3/toolchain/bin/../lib/gcc/arm-none-eabi/4.8.4/../../../../arm-none-eabi/lib/armv6-m\libg_s.a(lib_a-nano-mallocr.o)
                0x00002f4c                _malloc_r
 .text._puts_r  0x00002ff4       0xc2 c:/freescale/kds_v3/toolchain/bin/../lib/gcc/arm-none-eabi/4.8.4/../../../../arm-none-eabi/lib/armv6-m\libg_s.a(lib_a-puts.o)
                0x00002ff4                _puts_r
 *fill*         0x000030b6        0x2 
 .text.puts     0x000030b8       0x14 c:/freescale/kds_v3/toolchain/bin/../lib/gcc/arm-none-eabi/4.8.4/../../../../arm-none-eabi/lib/armv6-m\libg_s.a(lib_a-puts.o)
                0x000030b8                puts
 .text._sbrk_r  0x000030cc       0x24 c:/freescale/kds_v3/toolchain/bin/../lib/gcc/arm-none-eabi/4.8.4/../../../../arm-none-eabi/lib/armv6-m\libg_s.a(lib_a-sbrkr.o)
                0x000030cc                _sbrk_r
 .text.strlen   0x000030f0        0xe c:/freescale/kds_v3/toolchain/bin/../lib/gcc/arm-none-eabi/4.8.4/../../../../arm-none-eabi/lib/armv6-m\libg_s.a(lib_a-strlen.o)
                0x000030f0                strlen
 *fill*         0x000030fe        0x2 
 .text.__swbuf_r
                0x00003100       0xb0 c:/freescale/kds_v3/toolchain/bin/../lib/gcc/arm-none-eabi/4.8.4/../../../../arm-none-eabi/lib/armv6-m\libg_s.a(lib_a-wbuf.o)
                0x00003100                __swbuf_r
 .text.__swsetup_r
                0x000031b0       0xe4 c:/freescale/kds_v3/toolchain/bin/../lib/gcc/arm-none-eabi/4.8.4/../../../../arm-none-eabi/lib/armv6-m\libg_s.a(lib_a-wsetup.o)
                0x000031b0                __swsetup_r
 .text.__sflush_r
                0x00003294      0x112 c:/freescale/kds_v3/toolchain/bin/../lib/gcc/arm-none-eabi/4.8.4/../../../../arm-none-eabi/lib/armv6-m\libg_s.a(lib_a-fflush.o)
                0x00003294                __sflush_r
 *fill*         0x000033a6        0x2 
 .text._fflush_r
                0x000033a8       0x58 c:/freescale/kds_v3/toolchain/bin/../lib/gcc/arm-none-eabi/4.8.4/../../../../arm-none-eabi/lib/armv6-m\libg_s.a(lib_a-fflush.o)
                0x000033a8                _fflush_r
 .text._cleanup_r
                0x00003400       0x34 c:/freescale/kds_v3/toolchain/bin/../lib/gcc/arm-none-eabi/4.8.4/../../../../arm-none-eabi/lib/armv6-m\libg_s.a(lib_a-findfp.o)
                0x00003400                _cleanup_r
 .text.std.isra.0
                0x00003434       0x48 c:/freescale/kds_v3/toolchain/bin/../lib/gcc/arm-none-eabi/4.8.4/../../../../arm-none-eabi/lib/armv6-m\libg_s.a(lib_a-findfp.o)
 .text.__sfmoreglue
                0x0000347c       0x2c c:/freescale/kds_v3/toolchain/bin/../lib/gcc/arm-none-eabi/4.8.4/../../../../arm-none-eabi/lib/armv6-m\libg_s.a(lib_a-findfp.o)
                0x0000347c                __sfmoreglue
 .text.__sinit  0x000034a8       0x64 c:/freescale/kds_v3/toolchain/bin/../lib/gcc/arm-none-eabi/4.8.4/../../../../arm-none-eabi/lib/armv6-m\libg_s.a(lib_a-findfp.o)
                0x000034a8                __sinit
 .text.__sfp    0x0000350c       0x7c c:/freescale/kds_v3/toolchain/bin/../lib/gcc/arm-none-eabi/4.8.4/../../../../arm-none-eabi/lib/armv6-m\libg_s.a(lib_a-findfp.o)
                0x0000350c                __sfp
 .text.__smakebuf_r
                0x00003588       0xa0 c:/freescale/kds_v3/toolchain/bin/../lib/gcc/arm-none-eabi/4.8.4/../../../../arm-none-eabi/lib/armv6-m\libg_s.a(lib_a-makebuf.o)
                0x00003588                __smakebuf_r
 .text.__sread  0x00003628       0x28 c:/freescale/kds_v3/toolchain/bin/../lib/gcc/arm-none-eabi/4.8.4/../../../../arm-none-eabi/lib/armv6-m\libg_s.a(lib_a-stdio.o)
                0x00003628                __sread
 .text.__swrite
                0x00003650       0x38 c:/freescale/kds_v3/toolchain/bin/../lib/gcc/arm-none-eabi/4.8.4/../../../../arm-none-eabi/lib/armv6-m\libg_s.a(lib_a-stdio.o)
                0x00003650                __swrite
 .text.__sseek  0x00003688       0x2c c:/freescale/kds_v3/toolchain/bin/../lib/gcc/arm-none-eabi/4.8.4/../../../../arm-none-eabi/lib/armv6-m\libg_s.a(lib_a-stdio.o)
                0x00003688                __sseek
 .text.__sclose
                0x000036b4        0xc c:/freescale/kds_v3/toolchain/bin/../lib/gcc/arm-none-eabi/4.8.4/../../../../arm-none-eabi/lib/armv6-m\libg_s.a(lib_a-stdio.o)
                0x000036b4                __sclose
 .text._write_r
                0x000036c0       0x28 c:/freescale/kds_v3/toolchain/bin/../lib/gcc/arm-none-eabi/4.8.4/../../../../arm-none-eabi/lib/armv6-m\libg_s.a(lib_a-writer.o)
                0x000036c0                _write_r
 .text._close_r
                0x000036e8       0x24 c:/freescale/kds_v3/toolchain/bin/../lib/gcc/arm-none-eabi/4.8.4/../../../../arm-none-eabi/lib/armv6-m\libg_s.a(lib_a-closer.o)
                0x000036e8                _close_r
 .text._fstat_r
                0x0000370c       0x24 c:/freescale/kds_v3/toolchain/bin/../lib/gcc/arm-none-eabi/4.8.4/../../../../arm-none-eabi/lib/armv6-m\libg_s.a(lib_a-fstatr.o)
                0x0000370c                _fstat_r
 .text._isatty_r
                0x00003730       0x24 c:/freescale/kds_v3/toolchain/bin/../lib/gcc/arm-none-eabi/4.8.4/../../../../arm-none-eabi/lib/armv6-m\libg_s.a(lib_a-isattyr.o)
                0x00003730                _isatty_r
 .text._lseek_r
                0x00003754       0x28 c:/freescale/kds_v3/toolchain/bin/../lib/gcc/arm-none-eabi/4.8.4/../../../../arm-none-eabi/lib/armv6-m\libg_s.a(lib_a-lseekr.o)
                0x00003754                _lseek_r
 .text._read_r  0x0000377c       0x28 c:/freescale/kds_v3/toolchain/bin/../lib/gcc/arm-none-eabi/4.8.4/../../../../arm-none-eabi/lib/armv6-m\libg_s.a(lib_a-readr.o)
                0x0000377c                _read_r
 .text._close   0x000037a4       0x10 c:/freescale/kds_v3/toolchain/bin/../lib/gcc/arm-none-eabi/4.8.4/../../../../arm-none-eabi/lib/armv6-m\libnosys.a(close.o)
                0x000037a4                _close
 .text._fstat   0x000037b4       0x10 c:/freescale/kds_v3/toolchain/bin/../lib/gcc/arm-none-eabi/4.8.4/../../../../arm-none-eabi/lib/armv6-m\libnosys.a(fstat.o)
                0x000037b4                _fstat
 .text._isatty  0x000037c4       0x10 c:/freescale/kds_v3/toolchain/bin/../lib/gcc/arm-none-eabi/4.8.4/../../../../arm-none-eabi/lib/armv6-m\libnosys.a(isatty.o)
                0x000037c4                _isatty
 .text._lseek   0x000037d4       0x10 c:/freescale/kds_v3/toolchain/bin/../lib/gcc/arm-none-eabi/4.8.4/../../../../arm-none-eabi/lib/armv6-m\libnosys.a(lseek.o)
                0x000037d4                _lseek
 .text._exit    0x000037e4        0x4 c:/freescale/kds_v3/toolchain/bin/../lib/gcc/arm-none-eabi/4.8.4/../../../../arm-none-eabi/lib/armv6-m\libnosys.a(_exit.o)
                0x000037e4                _exit
 *(.rodata)
 .rodata        0x000037e8       0xcc ./source/conversion.o
 .rodata        0x000038b4      0x264 ./source/memory.o
 .rodata        0x00003b18       0x48 ./drivers/fsl_clock.o
 .rodata        0x00003b60       0x40 ./drivers/fsl_common.o
 .rodata        0x00003ba0      0x168 ./drivers/fsl_dma.o
 .rodata        0x00003d08       0xb4 ./drivers/fsl_lpsci.o
 .rodata        0x00003dbc       0x9c ./drivers/fsl_spi.o
 .rodata        0x00003e58       0xac ./drivers/fsl_uart.o
 *(.rodata*)
 .rodata.mcgConfig_BOARD_BootClockRUN
                0x00003f04        0xc ./source/clock_config.o
                0x00003f04                mcgConfig_BOARD_BootClockRUN
 .rodata.simConfig_BOARD_BootClockRUN
                0x00003f10        0x8 ./source/clock_config.o
                0x00003f10                simConfig_BOARD_BootClockRUN
 .rodata.oscConfig_BOARD_BootClockRUN
                0x00003f18        0x8 ./source/clock_config.o
                0x00003f18                oscConfig_BOARD_BootClockRUN
 .rodata.__func__.5654
                0x00003f20       0x18 ./drivers/fsl_clock.o
 .rodata.fllFactorTable.5760
                0x00003f38       0x10 ./drivers/fsl_clock.o
 .rodata.__func__.5775
                0x00003f48       0x14 ./drivers/fsl_clock.o
 .rodata.__func__.5815
                0x00003f5c       0x14 ./drivers/fsl_clock.o
 .rodata.__func__.5952
                0x00003f70       0x14 ./drivers/fsl_clock.o
 .rodata.__func__.6019
                0x00003f84       0x14 ./drivers/fsl_clock.o
 .rodata.__func__.5919
                0x00003f98       0x10 ./drivers/fsl_dma.o
 .rodata.__func__.5787
                0x00003fa8       0x1c ./drivers/fsl_dma.o
 .rodata.__func__.5835
                0x00003fc4       0x14 ./drivers/fsl_lpsci.o
 .rodata.__func__.5871
                0x00003fd8        0xc ./drivers/fsl_lpsci.o
 .rodata.__func__.5892
                0x00003fe4       0x18 ./drivers/fsl_lpsci.o
 .rodata.__func__.5937
                0x00003ffc       0x14 ./drivers/fsl_lpsci.o
 .rodata.__func__.5949
                0x00004010       0x14 ./drivers/fsl_lpsci.o
 .rodata.__func__.6026
                0x00004024       0x18 ./drivers/fsl_spi.o
 .rodata.__func__.6030
                0x0000403c       0x18 ./drivers/fsl_spi.o
 .rodata.s_uartBases
                0x00004054        0xc ./drivers/fsl_uart.o
 .rodata.s_uartClock
                0x00004060        0xc ./drivers/fsl_uart.o
 .rodata.__func__.5838
                0x0000406c       0x14 ./drivers/fsl_uart.o
 .rodata.__func__.5854
                0x00004080        0xc ./drivers/fsl_uart.o
 .rodata.__func__.5867
                0x0000408c       0x18 ./drivers/fsl_uart.o
 .rodata.__func__.5925
                0x000040a4       0x14 ./drivers/fsl_uart.o
 .rodata.str1.1
                0x000040b8        0x2 c:/freescale/kds_v3/toolchain/bin/../lib/gcc/arm-none-eabi/4.8.4/../../../../arm-none-eabi/lib/armv6-m\libg_s.a(lib_a-impure.o)
 *fill*         0x000040ba        0x2 
 .rodata._global_impure_ptr
                0x000040bc        0x4 c:/freescale/kds_v3/toolchain/bin/../lib/gcc/arm-none-eabi/4.8.4/../../../../arm-none-eabi/lib/armv6-m\libg_s.a(lib_a-impure.o)
                0x000040bc                _global_impure_ptr
 .rodata.__sf_fake_stdin
                0x000040c0       0x20 c:/freescale/kds_v3/toolchain/bin/../lib/gcc/arm-none-eabi/4.8.4/../../../../arm-none-eabi/lib/armv6-m\libg_s.a(lib_a-findfp.o)
                0x000040c0                __sf_fake_stdin
 .rodata.__sf_fake_stdout
                0x000040e0       0x20 c:/freescale/kds_v3/toolchain/bin/../lib/gcc/arm-none-eabi/4.8.4/../../../../arm-none-eabi/lib/armv6-m\libg_s.a(lib_a-findfp.o)
                0x000040e0                __sf_fake_stdout
 .rodata.__sf_fake_stderr
                0x00004100       0x20 c:/freescale/kds_v3/toolchain/bin/../lib/gcc/arm-none-eabi/4.8.4/../../../../arm-none-eabi/lib/armv6-m\libg_s.a(lib_a-findfp.o)
                0x00004100                __sf_fake_stderr
 *(.glue_7)
 .glue_7        0x00000000        0x0 linker stubs
 *(.glue_7t)
 .glue_7t       0x00000000        0x0 linker stubs
 *(.eh_frame)
 .eh_frame      0x00004120        0x0 c:/freescale/kds_v3/toolchain/bin/../lib/gcc/arm-none-eabi/4.8.4/armv6-m/crtbegin.o
 *(.init)
 .init          0x00004120        0x4 c:/freescale/kds_v3/toolchain/bin/../lib/gcc/arm-none-eabi/4.8.4/armv6-m/crti.o
                0x00004120                _init
 .init          0x00004124        0x8 c:/freescale/kds_v3/toolchain/bin/../lib/gcc/arm-none-eabi/4.8.4/armv6-m/crtn.o
 *(.fini)
 .fini          0x0000412c        0x4 c:/freescale/kds_v3/toolchain/bin/../lib/gcc/arm-none-eabi/4.8.4/armv6-m/crti.o
                0x0000412c                _fini
 .fini          0x00004130        0x8 c:/freescale/kds_v3/toolchain/bin/../lib/gcc/arm-none-eabi/4.8.4/armv6-m/crtn.o
                0x00004138                . = ALIGN (0x4)

.vfp11_veneer   0x00004138        0x0
 .vfp11_veneer  0x00000000        0x0 linker stubs

.v4_bx          0x00004138        0x0
 .v4_bx         0x00000000        0x0 linker stubs

.iplt           0x00004138        0x0
 .iplt          0x00000000        0x0 c:/freescale/kds_v3/toolchain/bin/../lib/gcc/arm-none-eabi/4.8.4/armv6-m/crtbegin.o

.ARM.extab
 *(.ARM.extab* .gnu.linkonce.armextab.*)

.ARM            0x00004138        0x8
                0x00004138                __exidx_start = .
 *(.ARM.exidx*)
 .ARM.exidx     0x00004138        0x8 c:/freescale/kds_v3/toolchain/bin/../lib/gcc/arm-none-eabi/4.8.4/../../../../arm-none-eabi/lib/armv6-m/crt0.o
                0x00004140                __exidx_end = .

.rel.dyn        0x00004140        0x0
 .rel.iplt      0x00000000        0x0 c:/freescale/kds_v3/toolchain/bin/../lib/gcc/arm-none-eabi/4.8.4/armv6-m/crtbegin.o

.ctors          0x00004140        0x0
                0x00004140                __CTOR_LIST__ = .
 *crtbegin.o(.ctors)
 *crtbegin?.o(.ctors)
 *(EXCLUDE_FILE(*crtend.o *crtend?.o) .ctors)
 *(SORT(.ctors.*))
 *(.ctors)
                0x00004140                __CTOR_END__ = .

.dtors          0x00004140        0x0
                0x00004140                __DTOR_LIST__ = .
 *crtbegin.o(.dtors)
 *crtbegin?.o(.dtors)
 *(EXCLUDE_FILE(*crtend.o *crtend?.o) .dtors)
 *(SORT(.dtors.*))
 *(.dtors)
                0x00004140                __DTOR_END__ = .

.preinit_array  0x00004140        0x0
                0x00004140                PROVIDE (__preinit_array_start, .)
 *(.preinit_array*)
                0x00004140                PROVIDE (__preinit_array_end, .)

.init_array     0x00004140        0x4
                0x00004140                PROVIDE (__init_array_start, .)
 *(SORT(.init_array.*))
 *(.init_array*)
 .init_array    0x00004140        0x4 c:/freescale/kds_v3/toolchain/bin/../lib/gcc/arm-none-eabi/4.8.4/armv6-m/crtbegin.o
                0x00004144                PROVIDE (__init_array_end, .)

.fini_array     0x00004144        0x4
                0x00004144                PROVIDE (__fini_array_start, .)
 *(SORT(.fini_array.*))
 *(.fini_array*)
 .fini_array    0x00004144        0x4 c:/freescale/kds_v3/toolchain/bin/../lib/gcc/arm-none-eabi/4.8.4/armv6-m/crtbegin.o
                0x00004148                PROVIDE (__fini_array_end, .)
                0x00004148                __etext = .
                0x00004148                __DATA_ROM = .

.mtb            0x1ffff000        0x0
                0x1ffff000                . = ALIGN (0x8)
                0x1ffff000                _mtb_start = .
 *(.mtb_buf)
                0x1ffff000                . = ALIGN (0x8)
                0x1ffff000                _mtb_end = .

.interrupts_ram
                0x1ffff000        0x0
                0x1ffff000                . = ALIGN (0x4)
                0x1ffff000                __VECTOR_RAM__ = .
                0x1ffff000                __interrupts_ram_start__ = .
 *(.m_interrupts_ram)
                0x1ffff000                . = (. + M_VECTOR_RAM_SIZE)
                0x1ffff000                . = ALIGN (0x4)
                0x1ffff000                __interrupts_ram_end__ = .
                0x00000000                __VECTOR_RAM = DEFINED (__ram_vector_table__)?__VECTOR_RAM__:ORIGIN (m_interrupts)
                0x00000000                __RAM_VECTOR_TABLE_SIZE_BYTES = DEFINED (__ram_vector_table__)?(__interrupts_ram_end__ - __interrupts_ram_start__):0x0

.data           0x1ffff000       0xb8 load address 0x00004148
                0x1ffff000                . = ALIGN (0x4)
                0x1ffff000                __DATA_RAM = .
                0x1ffff000                __data_start__ = .
 *(.data)
 *(.data*)
 .data.head     0x1ffff000       0x30 ./source/project2.o
                0x1ffff000                head
 .data.space_6  0x1ffff030        0x8 ./source/project2.o
                0x1ffff030                space_6
 .data.space_9  0x1ffff038        0xc ./source/project2.o
                0x1ffff038                space_9
 .data.newline  0x1ffff044        0x4 ./source/project2.o
                0x1ffff044                newline
 .data.s_slowIrcFreq
                0x1ffff048        0x4 ./drivers/fsl_clock.o
 .data.SystemCoreClock
                0x1ffff04c        0x4 ./CMSIS/system_MKL25Z4.o
                0x1ffff04c                SystemCoreClock
 .data.impure_data
                0x1ffff050       0x60 c:/freescale/kds_v3/toolchain/bin/../lib/gcc/arm-none-eabi/4.8.4/../../../../arm-none-eabi/lib/armv6-m\libg_s.a(lib_a-impure.o)
 .data._impure_ptr
                0x1ffff0b0        0x4 c:/freescale/kds_v3/toolchain/bin/../lib/gcc/arm-none-eabi/4.8.4/../../../../arm-none-eabi/lib/armv6-m\libg_s.a(lib_a-impure.o)
                0x1ffff0b0                _impure_ptr
 *(.jcr*)
 .jcr           0x1ffff0b4        0x0 c:/freescale/kds_v3/toolchain/bin/../lib/gcc/arm-none-eabi/4.8.4/armv6-m/crtbegin.o
 .jcr           0x1ffff0b4        0x4 c:/freescale/kds_v3/toolchain/bin/../lib/gcc/arm-none-eabi/4.8.4/armv6-m/crtend.o
                0x1ffff0b8                . = ALIGN (0x4)
                0x1ffff0b8                __data_end__ = .
                0x00004200                __DATA_END = (__DATA_ROM + (__data_end__ - __data_start__))
                0x00020000                text_end = (ORIGIN (m_text) + 0x1fbf0)
                0x00000001                ASSERT ((__DATA_END <= text_end), region m_text overflowed with text and data)

.igot.plt       0x1ffff0b8        0x0 load address 0x00004200
 .igot.plt      0x00000000        0x0 c:/freescale/kds_v3/toolchain/bin/../lib/gcc/arm-none-eabi/4.8.4/armv6-m/crtbegin.o

.bss            0x1ffff0b8       0xb0 load address 0x00004200
                0x1ffff0b8                . = ALIGN (0x4)
                0x1ffff0b8                __START_BSS = .
                0x1ffff0b8                __bss_start__ = .
 *(.bss)
 .bss           0x1ffff0b8       0x1c c:/freescale/kds_v3/toolchain/bin/../lib/gcc/arm-none-eabi/4.8.4/armv6-m/crtbegin.o
 *(.bss*)
 .bss.s_debugConsole
                0x1ffff0d4       0x10 ./utilities/fsl_debug_console.o
 .bss.heap_end.4969
                0x1ffff0e4        0x4 ./utilities/fsl_sbrk.o
 .bss.s_DMAHandle
                0x1ffff0e8       0x10 ./drivers/fsl_dma.o
 .bss.s_i2cHandle
                0x1ffff0f8        0x8 ./drivers/fsl_i2c.o
 .bss.s_i2cMasterIsr
                0x1ffff100        0x4 ./drivers/fsl_i2c.o
 .bss.s_i2cSlaveIsr
                0x1ffff104        0x4 ./drivers/fsl_i2c.o
 .bss.s_lpsciHandle
                0x1ffff108        0x4 ./drivers/fsl_lpsci.o
 .bss.s_lpsciIsr
                0x1ffff10c        0x4 ./drivers/fsl_lpsci.o
 .bss.s_spiHandle
                0x1ffff110        0x8 ./drivers/fsl_spi.o
 .bss.s_spiMasterIsr
                0x1ffff118        0x4 ./drivers/fsl_spi.o
 .bss.s_spiSlaveIsr
                0x1ffff11c        0x4 ./drivers/fsl_spi.o
 .bss.s_uartHandle
                0x1ffff120        0xc ./drivers/fsl_uart.o
 .bss.s_uartIsr
                0x1ffff12c        0x4 ./drivers/fsl_uart.o
 .bss.__malloc_sbrk_start
                0x1ffff130        0x4 c:/freescale/kds_v3/toolchain/bin/../lib/gcc/arm-none-eabi/4.8.4/../../../../arm-none-eabi/lib/armv6-m\libg_s.a(lib_a-nano-mallocr.o)
                0x1ffff130                __malloc_sbrk_start
 .bss.__malloc_free_list
                0x1ffff134        0x4 c:/freescale/kds_v3/toolchain/bin/../lib/gcc/arm-none-eabi/4.8.4/../../../../arm-none-eabi/lib/armv6-m\libg_s.a(lib_a-nano-mallocr.o)
                0x1ffff134                __malloc_free_list
 *(COMMON)
 COMMON         0x1ffff138       0x1c ./source/main.o
                0x1ffff138                Rx_function
                0x1ffff13c                Tx_function
                0x1ffff140                c_stats
 COMMON         0x1ffff154        0x8 ./source/project2.o
                0x1ffff154                Tx_CB_ptr
                0x1ffff158                Rx_CB_ptr
 COMMON         0x1ffff15c        0x8 ./drivers/fsl_clock.o
                0x1ffff15c                g_xtal32Freq
                0x1ffff160                g_xtal0Freq
 COMMON         0x1ffff164        0x4 c:/freescale/kds_v3/toolchain/bin/../lib/gcc/arm-none-eabi/4.8.4/../../../../arm-none-eabi/lib/armv6-m\libg_s.a(lib_a-reent.o)
                0x1ffff164                errno
                0x1ffff168                . = ALIGN (0x4)
                0x1ffff168                __bss_end__ = .
                0x1ffff168                __END_BSS = .

.heap           0x1ffff168      0x400 load address 0x000042b0
                0x1ffff168                . = ALIGN (0x8)
                0x1ffff168                __end__ = .
                0x1ffff168                PROVIDE (end, .)
                0x1ffff168                __HeapBase = .
                0x1ffff568                . = (. + HEAP_SIZE)
 *fill*         0x1ffff168      0x400 
                0x1ffff568                __HeapLimit = .
                0x1ffff568                __heap_limit = .

.stack          0x1ffff568      0x400 load address 0x000046b0
                0x1ffff568                . = ALIGN (0x8)
                0x1ffff968                . = (. + STACK_SIZE)
 *fill*         0x1ffff568      0x400 
                0x20003000                __StackTop = (ORIGIN (m_data) + 0x4000)
                0x20002c00                __StackLimit = (__StackTop - STACK_SIZE)
                0x20003000                PROVIDE (__stack, __StackTop)

.ARM.attributes
                0x00000000       0x28
 *(.ARM.attributes)
 .ARM.attributes
                0x00000000       0x1e c:/freescale/kds_v3/toolchain/bin/../lib/gcc/arm-none-eabi/4.8.4/armv6-m/crti.o
 .ARM.attributes
                0x0000001e       0x2c c:/freescale/kds_v3/toolchain/bin/../lib/gcc/arm-none-eabi/4.8.4/armv6-m/crtbegin.o
 .ARM.attributes
                0x0000004a       0x1b c:/freescale/kds_v3/toolchain/bin/../lib/gcc/arm-none-eabi/4.8.4/../../../../arm-none-eabi/lib/armv6-m/crt0.o
 .ARM.attributes
                0x00000065       0x32 ./utilities/fsl_debug_console.o
 .ARM.attributes
                0x00000097       0x32 ./utilities/fsl_sbrk.o
 .ARM.attributes
                0x000000c9       0x1b ./startup/startup_MKL25Z4.o
 .ARM.attributes
                0x000000e4       0x32 ./source/board.o
 .ARM.attributes
                0x00000116       0x32 ./source/circbuf.o
 .ARM.attributes
                0x00000148       0x32 ./source/clock_config.o
 .ARM.attributes
                0x0000017a       0x32 ./source/conversion.o
 .ARM.attributes
                0x000001ac       0x32 ./source/main.o
 .ARM.attributes
                0x000001de       0x32 ./source/memory.o
 .ARM.attributes
                0x00000210       0x32 ./source/nvic.o
 .ARM.attributes
                0x00000242       0x32 ./source/pin_mux.o
 .ARM.attributes
                0x00000274       0x32 ./source/project2.o
 .ARM.attributes
                0x000002a6       0x32 ./source/uart.o
 .ARM.attributes
                0x000002d8       0x32 ./drivers/fsl_clock.o
 .ARM.attributes
                0x0000030a       0x32 ./drivers/fsl_common.o
 .ARM.attributes
                0x0000033c       0x32 ./drivers/fsl_dma.o
 .ARM.attributes
                0x0000036e       0x32 ./drivers/fsl_i2c.o
 .ARM.attributes
                0x000003a0       0x32 ./drivers/fsl_lpsci.o
 .ARM.attributes
                0x000003d2       0x32 ./drivers/fsl_spi.o
 .ARM.attributes
                0x00000404       0x32 ./drivers/fsl_uart.o
 .ARM.attributes
                0x00000436       0x32 ./CMSIS/system_MKL25Z4.o
 .ARM.attributes
                0x00000468       0x1e c:/freescale/kds_v3/toolchain/bin/../lib/gcc/arm-none-eabi/4.8.4/armv6-m\libgcc.a(_udivsi3.o)
 .ARM.attributes
                0x00000486       0x1e c:/freescale/kds_v3/toolchain/bin/../lib/gcc/arm-none-eabi/4.8.4/armv6-m\libgcc.a(_divsi3.o)
 .ARM.attributes
                0x000004a4       0x1e c:/freescale/kds_v3/toolchain/bin/../lib/gcc/arm-none-eabi/4.8.4/armv6-m\libgcc.a(_dvmd_tls.o)
 .ARM.attributes
                0x000004c2       0x2c c:/freescale/kds_v3/toolchain/bin/../lib/gcc/arm-none-eabi/4.8.4/../../../../arm-none-eabi/lib/armv6-m\libg_s.a(lib_a-errno.o)
 .ARM.attributes
                0x000004ee       0x2c c:/freescale/kds_v3/toolchain/bin/../lib/gcc/arm-none-eabi/4.8.4/../../../../arm-none-eabi/lib/armv6-m\libg_s.a(lib_a-exit.o)
 .ARM.attributes
                0x0000051a       0x2c c:/freescale/kds_v3/toolchain/bin/../lib/gcc/arm-none-eabi/4.8.4/../../../../arm-none-eabi/lib/armv6-m\libg_s.a(lib_a-impure.o)
 .ARM.attributes
                0x00000546       0x2c c:/freescale/kds_v3/toolchain/bin/../lib/gcc/arm-none-eabi/4.8.4/../../../../arm-none-eabi/lib/armv6-m\libg_s.a(lib_a-init.o)
 .ARM.attributes
                0x00000572       0x2c c:/freescale/kds_v3/toolchain/bin/../lib/gcc/arm-none-eabi/4.8.4/../../../../arm-none-eabi/lib/armv6-m\libg_s.a(lib_a-malloc.o)
 .ARM.attributes
                0x0000059e       0x2c c:/freescale/kds_v3/toolchain/bin/../lib/gcc/arm-none-eabi/4.8.4/../../../../arm-none-eabi/lib/armv6-m\libg_s.a(lib_a-memset.o)
 .ARM.attributes
                0x000005ca       0x2c c:/freescale/kds_v3/toolchain/bin/../lib/gcc/arm-none-eabi/4.8.4/../../../../arm-none-eabi/lib/armv6-m\libg_s.a(lib_a-nano-freer.o)
 .ARM.attributes
                0x000005f6       0x2c c:/freescale/kds_v3/toolchain/bin/../lib/gcc/arm-none-eabi/4.8.4/../../../../arm-none-eabi/lib/armv6-m\libg_s.a(lib_a-nano-mallocr.o)
 .ARM.attributes
                0x00000622       0x2c c:/freescale/kds_v3/toolchain/bin/../lib/gcc/arm-none-eabi/4.8.4/../../../../arm-none-eabi/lib/armv6-m\libg_s.a(lib_a-puts.o)
 .ARM.attributes
                0x0000064e       0x2c c:/freescale/kds_v3/toolchain/bin/../lib/gcc/arm-none-eabi/4.8.4/../../../../arm-none-eabi/lib/armv6-m\libg_s.a(lib_a-sbrkr.o)
 .ARM.attributes
                0x0000067a       0x2c c:/freescale/kds_v3/toolchain/bin/../lib/gcc/arm-none-eabi/4.8.4/../../../../arm-none-eabi/lib/armv6-m\libg_s.a(lib_a-strlen.o)
 .ARM.attributes
                0x000006a6       0x2c c:/freescale/kds_v3/toolchain/bin/../lib/gcc/arm-none-eabi/4.8.4/../../../../arm-none-eabi/lib/armv6-m\libg_s.a(lib_a-wbuf.o)
 .ARM.attributes
                0x000006d2       0x2c c:/freescale/kds_v3/toolchain/bin/../lib/gcc/arm-none-eabi/4.8.4/../../../../arm-none-eabi/lib/armv6-m\libg_s.a(lib_a-wsetup.o)
 .ARM.attributes
                0x000006fe       0x2c c:/freescale/kds_v3/toolchain/bin/../lib/gcc/arm-none-eabi/4.8.4/../../../../arm-none-eabi/lib/armv6-m\libg_s.a(lib_a-fflush.o)
 .ARM.attributes
                0x0000072a       0x2c c:/freescale/kds_v3/toolchain/bin/../lib/gcc/arm-none-eabi/4.8.4/../../../../arm-none-eabi/lib/armv6-m\libg_s.a(lib_a-findfp.o)
 .ARM.attributes
                0x00000756       0x2c c:/freescale/kds_v3/toolchain/bin/../lib/gcc/arm-none-eabi/4.8.4/../../../../arm-none-eabi/lib/armv6-m\libg_s.a(lib_a-makebuf.o)
 .ARM.attributes
                0x00000782       0x2c c:/freescale/kds_v3/toolchain/bin/../lib/gcc/arm-none-eabi/4.8.4/../../../../arm-none-eabi/lib/armv6-m\libg_s.a(lib_a-reent.o)
 .ARM.attributes
                0x000007ae       0x2c c:/freescale/kds_v3/toolchain/bin/../lib/gcc/arm-none-eabi/4.8.4/../../../../arm-none-eabi/lib/armv6-m\libg_s.a(lib_a-stdio.o)
 .ARM.attributes
                0x000007da       0x2c c:/freescale/kds_v3/toolchain/bin/../lib/gcc/arm-none-eabi/4.8.4/../../../../arm-none-eabi/lib/armv6-m\libg_s.a(lib_a-writer.o)
 .ARM.attributes
                0x00000806       0x2c c:/freescale/kds_v3/toolchain/bin/../lib/gcc/arm-none-eabi/4.8.4/../../../../arm-none-eabi/lib/armv6-m\libg_s.a(lib_a-closer.o)
 .ARM.attributes
                0x00000832       0x2c c:/freescale/kds_v3/toolchain/bin/../lib/gcc/arm-none-eabi/4.8.4/../../../../arm-none-eabi/lib/armv6-m\libg_s.a(lib_a-fstatr.o)
 .ARM.attributes
                0x0000085e       0x2c c:/freescale/kds_v3/toolchain/bin/../lib/gcc/arm-none-eabi/4.8.4/../../../../arm-none-eabi/lib/armv6-m\libg_s.a(lib_a-isattyr.o)
 .ARM.attributes
                0x0000088a       0x2c c:/freescale/kds_v3/toolchain/bin/../lib/gcc/arm-none-eabi/4.8.4/../../../../arm-none-eabi/lib/armv6-m\libg_s.a(lib_a-lseekr.o)
 .ARM.attributes
                0x000008b6       0x2c c:/freescale/kds_v3/toolchain/bin/../lib/gcc/arm-none-eabi/4.8.4/../../../../arm-none-eabi/lib/armv6-m\libg_s.a(lib_a-readr.o)
 .ARM.attributes
                0x000008e2       0x2c c:/freescale/kds_v3/toolchain/bin/../lib/gcc/arm-none-eabi/4.8.4/../../../../arm-none-eabi/lib/armv6-m\libnosys.a(close.o)
 .ARM.attributes
                0x0000090e       0x2c c:/freescale/kds_v3/toolchain/bin/../lib/gcc/arm-none-eabi/4.8.4/../../../../arm-none-eabi/lib/armv6-m\libnosys.a(fstat.o)
 .ARM.attributes
                0x0000093a       0x2c c:/freescale/kds_v3/toolchain/bin/../lib/gcc/arm-none-eabi/4.8.4/../../../../arm-none-eabi/lib/armv6-m\libnosys.a(isatty.o)
 .ARM.attributes
                0x00000966       0x2c c:/freescale/kds_v3/toolchain/bin/../lib/gcc/arm-none-eabi/4.8.4/../../../../arm-none-eabi/lib/armv6-m\libnosys.a(lseek.o)
 .ARM.attributes
                0x00000992       0x2c c:/freescale/kds_v3/toolchain/bin/../lib/gcc/arm-none-eabi/4.8.4/../../../../arm-none-eabi/lib/armv6-m\libnosys.a(_exit.o)
 .ARM.attributes
                0x000009be       0x2c c:/freescale/kds_v3/toolchain/bin/../lib/gcc/arm-none-eabi/4.8.4/armv6-m/crtend.o
 .ARM.attributes
                0x000009ea       0x1e c:/freescale/kds_v3/toolchain/bin/../lib/gcc/arm-none-eabi/4.8.4/armv6-m/crtn.o
                0x00000001                ASSERT ((__StackLimit >= __HeapLimit), region m_data overflowed with stack and heap)
OUTPUT(project2.elf elf32-littlearm)

.debug_info     0x00000000     0xc3e9
 .debug_info    0x00000000      0xe48 ./utilities/fsl_debug_console.o
 .debug_info    0x00000e48      0x112 ./utilities/fsl_sbrk.o
 .debug_info    0x00000f5a       0x78 ./startup/startup_MKL25Z4.o
 .debug_info    0x00000fd2      0x3a1 ./source/board.o
 .debug_info    0x00001373      0x2d3 ./source/circbuf.o
 .debug_info    0x00001646      0x9fc ./source/clock_config.o
 .debug_info    0x00002042      0x2ba ./source/conversion.o
 .debug_info    0x000022fc      0x2c3 ./source/main.o
 .debug_info    0x000025bf      0x2b7 ./source/memory.o
 .debug_info    0x00002876      0x22b ./source/nvic.o
 .debug_info    0x00002aa1      0x551 ./source/pin_mux.o
 .debug_info    0x00002ff2      0x41a ./source/project2.o
 .debug_info    0x0000340c      0x2aa ./source/uart.o
 .debug_info    0x000036b6     0x19e0 ./drivers/fsl_clock.o
 .debug_info    0x00005096      0x43f ./drivers/fsl_common.o
 .debug_info    0x000054d5     0x103b ./drivers/fsl_dma.o
 .debug_info    0x00006510     0x1b28 ./drivers/fsl_i2c.o
 .debug_info    0x00008038     0x15c8 ./drivers/fsl_lpsci.o
 .debug_info    0x00009600     0x14b1 ./drivers/fsl_spi.o
 .debug_info    0x0000aab1     0x154e ./drivers/fsl_uart.o
 .debug_info    0x0000bfff      0x3ea ./CMSIS/system_MKL25Z4.o

.debug_abbrev   0x00000000     0x20b9
 .debug_abbrev  0x00000000      0x254 ./utilities/fsl_debug_console.o
 .debug_abbrev  0x00000254       0xa3 ./utilities/fsl_sbrk.o
 .debug_abbrev  0x000002f7       0x14 ./startup/startup_MKL25Z4.o
 .debug_abbrev  0x0000030b      0x118 ./source/board.o
 .debug_abbrev  0x00000423       0xf2 ./source/circbuf.o
 .debug_abbrev  0x00000515      0x1d7 ./source/clock_config.o
 .debug_abbrev  0x000006ec       0xb5 ./source/conversion.o
 .debug_abbrev  0x000007a1       0xba ./source/main.o
 .debug_abbrev  0x0000085b       0xc2 ./source/memory.o
 .debug_abbrev  0x0000091d      0x104 ./source/nvic.o
 .debug_abbrev  0x00000a21      0x155 ./source/pin_mux.o
 .debug_abbrev  0x00000b76      0x128 ./source/project2.o
 .debug_abbrev  0x00000c9e      0x10b ./source/uart.o
 .debug_abbrev  0x00000da9      0x2e1 ./drivers/fsl_clock.o
 .debug_abbrev  0x0000108a      0x222 ./drivers/fsl_common.o
 .debug_abbrev  0x000012ac      0x269 ./drivers/fsl_dma.o
 .debug_abbrev  0x00001515      0x2f7 ./drivers/fsl_i2c.o
 .debug_abbrev  0x0000180c      0x284 ./drivers/fsl_lpsci.o
 .debug_abbrev  0x00001a90      0x284 ./drivers/fsl_spi.o
 .debug_abbrev  0x00001d14      0x29c ./drivers/fsl_uart.o
 .debug_abbrev  0x00001fb0      0x109 ./CMSIS/system_MKL25Z4.o

.debug_aranges  0x00000000      0xb30
 .debug_aranges
                0x00000000       0xa0 ./utilities/fsl_debug_console.o
 .debug_aranges
                0x000000a0       0x20 ./utilities/fsl_sbrk.o
 .debug_aranges
                0x000000c0       0x20 ./startup/startup_MKL25Z4.o
 .debug_aranges
                0x000000e0       0x28 ./source/board.o
 .debug_aranges
                0x00000108       0x58 ./source/circbuf.o
 .debug_aranges
                0x00000160       0x50 ./source/clock_config.o
 .debug_aranges
                0x000001b0       0x38 ./source/conversion.o
 .debug_aranges
                0x000001e8       0x20 ./source/main.o
 .debug_aranges
                0x00000208       0x50 ./source/memory.o
 .debug_aranges
                0x00000258       0x30 ./source/nvic.o
 .debug_aranges
                0x00000288       0x30 ./source/pin_mux.o
 .debug_aranges
                0x000002b8       0x38 ./source/project2.o
 .debug_aranges
                0x000002f0       0x48 ./source/uart.o
 .debug_aranges
                0x00000338      0x1d8 ./drivers/fsl_clock.o
 .debug_aranges
                0x00000510       0x38 ./drivers/fsl_common.o
 .debug_aranges
                0x00000548       0xd0 ./drivers/fsl_dma.o
 .debug_aranges
                0x00000618      0x178 ./drivers/fsl_i2c.o
 .debug_aranges
                0x00000790      0x118 ./drivers/fsl_lpsci.o
 .debug_aranges
                0x000008a8      0x130 ./drivers/fsl_spi.o
 .debug_aranges
                0x000009d8      0x130 ./drivers/fsl_uart.o
 .debug_aranges
                0x00000b08       0x28 ./CMSIS/system_MKL25Z4.o

.debug_ranges   0x00000000      0x9d0
 .debug_ranges  0x00000000       0x90 ./utilities/fsl_debug_console.o
 .debug_ranges  0x00000090       0x10 ./utilities/fsl_sbrk.o
 .debug_ranges  0x000000a0       0x18 ./source/board.o
 .debug_ranges  0x000000b8       0x48 ./source/circbuf.o
 .debug_ranges  0x00000100       0x40 ./source/clock_config.o
 .debug_ranges  0x00000140       0x28 ./source/conversion.o
 .debug_ranges  0x00000168       0x10 ./source/main.o
 .debug_ranges  0x00000178       0x40 ./source/memory.o
 .debug_ranges  0x000001b8       0x20 ./source/nvic.o
 .debug_ranges  0x000001d8       0x20 ./source/pin_mux.o
 .debug_ranges  0x000001f8       0x28 ./source/project2.o
 .debug_ranges  0x00000220       0x38 ./source/uart.o
 .debug_ranges  0x00000258      0x1c8 ./drivers/fsl_clock.o
 .debug_ranges  0x00000420       0x28 ./drivers/fsl_common.o
 .debug_ranges  0x00000448       0xc0 ./drivers/fsl_dma.o
 .debug_ranges  0x00000508      0x168 ./drivers/fsl_i2c.o
 .debug_ranges  0x00000670      0x108 ./drivers/fsl_lpsci.o
 .debug_ranges  0x00000778      0x120 ./drivers/fsl_spi.o
 .debug_ranges  0x00000898      0x120 ./drivers/fsl_uart.o
 .debug_ranges  0x000009b8       0x18 ./CMSIS/system_MKL25Z4.o

.debug_macro    0x00000000     0xfd1c
 .debug_macro   0x00000000      0x1ec ./utilities/fsl_debug_console.o
 .debug_macro   0x000001ec      0x820 ./utilities/fsl_debug_console.o
 .debug_macro   0x00000a0c       0x58 ./utilities/fsl_debug_console.o
 .debug_macro   0x00000a64       0x58 ./utilities/fsl_debug_console.o
 .debug_macro   0x00000abc       0x16 ./utilities/fsl_debug_console.o
 .debug_macro   0x00000ad2       0x35 ./utilities/fsl_debug_console.o
 .debug_macro   0x00000b07       0xa3 ./utilities/fsl_debug_console.o
 .debug_macro   0x00000baa       0x16 ./utilities/fsl_debug_console.o
 .debug_macro   0x00000bc0      0x10e ./utilities/fsl_debug_console.o
 .debug_macro   0x00000cce       0x7f ./utilities/fsl_debug_console.o
 .debug_macro   0x00000d4d       0x4a ./utilities/fsl_debug_console.o
 .debug_macro   0x00000d97       0x52 ./utilities/fsl_debug_console.o
 .debug_macro   0x00000de9       0x16 ./utilities/fsl_debug_console.o
 .debug_macro   0x00000dff       0x43 ./utilities/fsl_debug_console.o
 .debug_macro   0x00000e42      0x180 ./utilities/fsl_debug_console.o
 .debug_macro   0x00000fc2       0x16 ./utilities/fsl_debug_console.o
 .debug_macro   0x00000fd8       0x29 ./utilities/fsl_debug_console.o
 .debug_macro   0x00001001      0x1e1 ./utilities/fsl_debug_console.o
 .debug_macro   0x000011e2       0x16 ./utilities/fsl_debug_console.o
 .debug_macro   0x000011f8       0x22 ./utilities/fsl_debug_console.o
 .debug_macro   0x0000121a      0x20f ./utilities/fsl_debug_console.o
 .debug_macro   0x00001429      0x2a6 ./utilities/fsl_debug_console.o
 .debug_macro   0x000016cf       0x10 ./utilities/fsl_debug_console.o
 .debug_macro   0x000016df       0x35 ./utilities/fsl_debug_console.o
 .debug_macro   0x00001714       0x1f ./utilities/fsl_debug_console.o
 .debug_macro   0x00001733       0x10 ./utilities/fsl_debug_console.o
 .debug_macro   0x00001743       0x3f ./utilities/fsl_debug_console.o
 .debug_macro   0x00001782       0x3a ./utilities/fsl_debug_console.o
 .debug_macro   0x000017bc       0x26 ./utilities/fsl_debug_console.o
 .debug_macro   0x000017e2      0x329 ./utilities/fsl_debug_console.o
 .debug_macro   0x00001b0b       0x30 ./utilities/fsl_debug_console.o
 .debug_macro   0x00001b3b     0x51e2 ./utilities/fsl_debug_console.o
 .debug_macro   0x00006d1d     0x1352 ./utilities/fsl_debug_console.o
 .debug_macro   0x0000806f       0x3a ./utilities/fsl_debug_console.o
 .debug_macro   0x000080a9       0xf4 ./utilities/fsl_debug_console.o
 .debug_macro   0x0000819d       0x35 ./utilities/fsl_debug_console.o
 .debug_macro   0x000081d2       0x3a ./utilities/fsl_debug_console.o
 .debug_macro   0x0000820c       0x10 ./utilities/fsl_debug_console.o
 .debug_macro   0x0000821c       0x10 ./utilities/fsl_debug_console.o
 .debug_macro   0x0000822c       0xfd ./utilities/fsl_sbrk.o
 .debug_macro   0x00008329       0x16 ./utilities/fsl_sbrk.o
 .debug_macro   0x0000833f       0x97 ./utilities/fsl_sbrk.o
 .debug_macro   0x000083d6       0x10 ./utilities/fsl_sbrk.o
 .debug_macro   0x000083e6       0xef ./utilities/fsl_sbrk.o
 .debug_macro   0x000084d5       0x10 ./utilities/fsl_sbrk.o
 .debug_macro   0x000084e5       0x22 ./utilities/fsl_sbrk.o
 .debug_macro   0x00008507       0xbd ./utilities/fsl_sbrk.o
 .debug_macro   0x000085c4       0x16 ./utilities/fsl_sbrk.o
 .debug_macro   0x000085da      0x16c ./utilities/fsl_sbrk.o
 .debug_macro   0x00008746       0x10 ./utilities/fsl_sbrk.o
 .debug_macro   0x00008756      0x241 ./utilities/fsl_sbrk.o
 .debug_macro   0x00008997      0x1b1 ./source/board.o
 .debug_macro   0x00008b48       0x44 ./source/board.o
 .debug_macro   0x00008b8c       0x16 ./source/board.o
 .debug_macro   0x00008ba2       0x10 ./source/board.o
 .debug_macro   0x00008bb2      0x15f ./source/board.o
 .debug_macro   0x00008d11       0x40 ./source/board.o
 .debug_macro   0x00008d51      0x135 ./source/circbuf.o
 .debug_macro   0x00008e86       0x16 ./source/circbuf.o
 .debug_macro   0x00008e9c       0x1c ./source/circbuf.o
 .debug_macro   0x00008eb8      0x1c2 ./source/clock_config.o
 .debug_macro   0x0000907a      0x149 ./source/conversion.o
 .debug_macro   0x000091c3       0x10 ./source/conversion.o
 .debug_macro   0x000091d3      0x233 ./source/main.o
 .debug_macro   0x00009406       0x34 ./source/main.o
 .debug_macro   0x0000943a       0x1c ./source/main.o
 .debug_macro   0x00009456       0x10 ./source/main.o
 .debug_macro   0x00009466      0x13b ./source/memory.o
 .debug_macro   0x000095a1       0x91 ./source/nvic.o
 .debug_macro   0x00009632       0x1c ./source/nvic.o
 .debug_macro   0x0000964e     0x5562 ./source/nvic.o
 .debug_macro   0x0000ebb0      0x1a6 ./source/pin_mux.o
 .debug_macro   0x0000ed56      0x181 ./source/project2.o
 .debug_macro   0x0000eed7      0x20d ./source/uart.o
 .debug_macro   0x0000f0e4      0x235 ./drivers/fsl_clock.o
 .debug_macro   0x0000f319      0x18e ./drivers/fsl_common.o
 .debug_macro   0x0000f4a7      0x18b ./drivers/fsl_dma.o
 .debug_macro   0x0000f632      0x18a ./drivers/fsl_i2c.o
 .debug_macro   0x0000f7bc       0x10 ./drivers/fsl_i2c.o
 .debug_macro   0x0000f7cc      0x18b ./drivers/fsl_lpsci.o
 .debug_macro   0x0000f957      0x18a ./drivers/fsl_spi.o
 .debug_macro   0x0000fae1       0x10 ./drivers/fsl_spi.o
 .debug_macro   0x0000faf1      0x191 ./drivers/fsl_uart.o
 .debug_macro   0x0000fc82       0x9a ./CMSIS/system_MKL25Z4.o

.debug_line     0x00000000     0x66a4
 .debug_line    0x00000000      0x7ea ./utilities/fsl_debug_console.o
 .debug_line    0x000007ea      0x212 ./utilities/fsl_sbrk.o
 .debug_line    0x000009fc       0xc9 ./startup/startup_MKL25Z4.o
 .debug_line    0x00000ac5      0x384 ./source/board.o
 .debug_line    0x00000e49      0x352 ./source/circbuf.o
 .debug_line    0x0000119b      0x3d1 ./source/clock_config.o
 .debug_line    0x0000156c      0x32f ./source/conversion.o
 .debug_line    0x0000189b      0x3e1 ./source/main.o
 .debug_line    0x00001c7c      0x346 ./source/memory.o
 .debug_line    0x00001fc2      0x213 ./source/nvic.o
 .debug_line    0x000021d5      0x36c ./source/pin_mux.o
 .debug_line    0x00002541      0x336 ./source/project2.o
 .debug_line    0x00002877      0x46a ./source/uart.o
 .debug_line    0x00002ce1      0xa85 ./drivers/fsl_clock.o
 .debug_line    0x00003766      0x3bd ./drivers/fsl_common.o
 .debug_line    0x00003b23      0x5e9 ./drivers/fsl_dma.o
 .debug_line    0x0000410c      0xac9 ./drivers/fsl_i2c.o
 .debug_line    0x00004bd5      0x85d ./drivers/fsl_lpsci.o
 .debug_line    0x00005432      0x7ad ./drivers/fsl_spi.o
 .debug_line    0x00005bdf      0x86d ./drivers/fsl_uart.o
 .debug_line    0x0000644c      0x258 ./CMSIS/system_MKL25Z4.o

.debug_str      0x00000000    0x3ad8d
 .debug_str     0x00000000    0x327e6 ./utilities/fsl_debug_console.o
                              0x32c5a (size before relaxing)
 .debug_str     0x000327e6      0xfc0 ./utilities/fsl_sbrk.o
                               0x4ac6 (size before relaxing)
 .debug_str     0x000337a6      0xc26 ./source/board.o
                              0x3205a (size before relaxing)
 .debug_str     0x000343cc      0x11f ./source/circbuf.o
                               0x5123 (size before relaxing)
 .debug_str     0x000344eb      0x703 ./source/clock_config.o
                              0x3204c (size before relaxing)
 .debug_str     0x00034bee      0x15d ./source/conversion.o
                               0x5098 (size before relaxing)
 .debug_str     0x00034d4b       0xc8 ./source/main.o
                              0x325ac (size before relaxing)
 .debug_str     0x00034e13       0x7b ./source/memory.o
                               0x509a (size before relaxing)
 .debug_str     0x00034e8e     0x1838 ./source/nvic.o
                              0x28f13 (size before relaxing)
 .debug_str     0x000366c6      0x33d ./source/pin_mux.o
                              0x317a1 (size before relaxing)
 .debug_str     0x00036a03       0x94 ./source/project2.o
                              0x2a700 (size before relaxing)
 .debug_str     0x00036a97       0x81 ./source/uart.o
                              0x338e4 (size before relaxing)
 .debug_str     0x00036b18     0x1284 ./drivers/fsl_clock.o
                              0x33140 (size before relaxing)
 .debug_str     0x00037d9c      0x2d0 ./drivers/fsl_common.o
                              0x31734 (size before relaxing)
 .debug_str     0x0003806c      0x7d1 ./drivers/fsl_dma.o
                              0x32403 (size before relaxing)
 .debug_str     0x0003883d      0xc0f ./drivers/fsl_i2c.o
                              0x3291a (size before relaxing)
 .debug_str     0x0003944c      0x915 ./drivers/fsl_lpsci.o
                              0x32748 (size before relaxing)
 .debug_str     0x00039d61      0x7ab ./drivers/fsl_spi.o
                              0x3250a (size before relaxing)
 .debug_str     0x0003a50c      0x832 ./drivers/fsl_uart.o
                              0x3276b (size before relaxing)
 .debug_str     0x0003ad3e       0x4f ./CMSIS/system_MKL25Z4.o
                              0x2e5cb (size before relaxing)

.comment        0x00000000       0x70
 .comment       0x00000000       0x70 ./utilities/fsl_debug_console.o
                                 0x71 (size before relaxing)
 .comment       0x00000000       0x71 ./utilities/fsl_sbrk.o
 .comment       0x00000000       0x71 ./source/board.o
 .comment       0x00000000       0x71 ./source/circbuf.o
 .comment       0x00000000       0x71 ./source/clock_config.o
 .comment       0x00000000       0x71 ./source/conversion.o
 .comment       0x00000000       0x71 ./source/main.o
 .comment       0x00000000       0x71 ./source/memory.o
 .comment       0x00000000       0x71 ./source/nvic.o
 .comment       0x00000000       0x71 ./source/pin_mux.o
 .comment       0x00000000       0x71 ./source/project2.o
 .comment       0x00000000       0x71 ./source/uart.o
 .comment       0x00000000       0x71 ./drivers/fsl_clock.o
 .comment       0x00000000       0x71 ./drivers/fsl_common.o
 .comment       0x00000000       0x71 ./drivers/fsl_dma.o
 .comment       0x00000000       0x71 ./drivers/fsl_i2c.o
 .comment       0x00000000       0x71 ./drivers/fsl_lpsci.o
 .comment       0x00000000       0x71 ./drivers/fsl_spi.o
 .comment       0x00000000       0x71 ./drivers/fsl_uart.o
 .comment       0x00000000       0x71 ./CMSIS/system_MKL25Z4.o

.debug_frame    0x00000000     0x2c34
 .debug_frame   0x00000000      0x22c ./utilities/fsl_debug_console.o
 .debug_frame   0x0000022c       0x30 ./utilities/fsl_sbrk.o
 .debug_frame   0x0000025c       0x50 ./source/board.o
 .debug_frame   0x000002ac      0x110 ./source/circbuf.o
 .debug_frame   0x000003bc       0xe4 ./source/clock_config.o
 .debug_frame   0x000004a0       0x90 ./source/conversion.o
 .debug_frame   0x00000530       0x2c ./source/main.o
 .debug_frame   0x0000055c       0xf0 ./source/memory.o
 .debug_frame   0x0000064c       0x70 ./source/nvic.o
 .debug_frame   0x000006bc       0x6c ./source/pin_mux.o
 .debug_frame   0x00000728       0x88 ./source/project2.o
 .debug_frame   0x000007b0       0xc8 ./source/uart.o
 .debug_frame   0x00000878      0x6d8 ./drivers/fsl_clock.o
 .debug_frame   0x00000f50       0x90 ./drivers/fsl_common.o
 .debug_frame   0x00000fe0      0x2e0 ./drivers/fsl_dma.o
 .debug_frame   0x000012c0      0x588 ./drivers/fsl_i2c.o
 .debug_frame   0x00001848      0x40c ./drivers/fsl_lpsci.o
 .debug_frame   0x00001c54      0x468 ./drivers/fsl_spi.o
 .debug_frame   0x000020bc      0x460 ./drivers/fsl_uart.o
 .debug_frame   0x0000251c       0x4c ./CMSIS/system_MKL25Z4.o
 .debug_frame   0x00002568       0x20 c:/freescale/kds_v3/toolchain/bin/../lib/gcc/arm-none-eabi/4.8.4/armv6-m\libgcc.a(_udivsi3.o)
 .debug_frame   0x00002588       0x20 c:/freescale/kds_v3/toolchain/bin/../lib/gcc/arm-none-eabi/4.8.4/armv6-m\libgcc.a(_divsi3.o)
 .debug_frame   0x000025a8       0x20 c:/freescale/kds_v3/toolchain/bin/../lib/gcc/arm-none-eabi/4.8.4/../../../../arm-none-eabi/lib/armv6-m\libg_s.a(lib_a-errno.o)
 .debug_frame   0x000025c8       0x28 c:/freescale/kds_v3/toolchain/bin/../lib/gcc/arm-none-eabi/4.8.4/../../../../arm-none-eabi/lib/armv6-m\libg_s.a(lib_a-exit.o)
 .debug_frame   0x000025f0       0x2c c:/freescale/kds_v3/toolchain/bin/../lib/gcc/arm-none-eabi/4.8.4/../../../../arm-none-eabi/lib/armv6-m\libg_s.a(lib_a-init.o)
 .debug_frame   0x0000261c       0x40 c:/freescale/kds_v3/toolchain/bin/../lib/gcc/arm-none-eabi/4.8.4/../../../../arm-none-eabi/lib/armv6-m\libg_s.a(lib_a-malloc.o)
 .debug_frame   0x0000265c       0x20 c:/freescale/kds_v3/toolchain/bin/../lib/gcc/arm-none-eabi/4.8.4/../../../../arm-none-eabi/lib/armv6-m\libg_s.a(lib_a-memset.o)
 .debug_frame   0x0000267c       0x2c c:/freescale/kds_v3/toolchain/bin/../lib/gcc/arm-none-eabi/4.8.4/../../../../arm-none-eabi/lib/armv6-m\libg_s.a(lib_a-nano-freer.o)
 .debug_frame   0x000026a8       0x2c c:/freescale/kds_v3/toolchain/bin/../lib/gcc/arm-none-eabi/4.8.4/../../../../arm-none-eabi/lib/armv6-m\libg_s.a(lib_a-nano-mallocr.o)
 .debug_frame   0x000026d4       0x44 c:/freescale/kds_v3/toolchain/bin/../lib/gcc/arm-none-eabi/4.8.4/../../../../arm-none-eabi/lib/armv6-m\libg_s.a(lib_a-puts.o)
 .debug_frame   0x00002718       0x2c c:/freescale/kds_v3/toolchain/bin/../lib/gcc/arm-none-eabi/4.8.4/../../../../arm-none-eabi/lib/armv6-m\libg_s.a(lib_a-sbrkr.o)
 .debug_frame   0x00002744       0x20 c:/freescale/kds_v3/toolchain/bin/../lib/gcc/arm-none-eabi/4.8.4/../../../../arm-none-eabi/lib/armv6-m\libg_s.a(lib_a-strlen.o)
 .debug_frame   0x00002764       0x44 c:/freescale/kds_v3/toolchain/bin/../lib/gcc/arm-none-eabi/4.8.4/../../../../arm-none-eabi/lib/armv6-m\libg_s.a(lib_a-wbuf.o)
 .debug_frame   0x000027a8       0x2c c:/freescale/kds_v3/toolchain/bin/../lib/gcc/arm-none-eabi/4.8.4/../../../../arm-none-eabi/lib/armv6-m\libg_s.a(lib_a-wsetup.o)
 .debug_frame   0x000027d4       0x68 c:/freescale/kds_v3/toolchain/bin/../lib/gcc/arm-none-eabi/4.8.4/../../../../arm-none-eabi/lib/armv6-m\libg_s.a(lib_a-fflush.o)
 .debug_frame   0x0000283c      0x148 c:/freescale/kds_v3/toolchain/bin/../lib/gcc/arm-none-eabi/4.8.4/../../../../arm-none-eabi/lib/armv6-m\libg_s.a(lib_a-findfp.o)
 .debug_frame   0x00002984       0x30 c:/freescale/kds_v3/toolchain/bin/../lib/gcc/arm-none-eabi/4.8.4/../../../../arm-none-eabi/lib/armv6-m\libg_s.a(lib_a-makebuf.o)
 .debug_frame   0x000029b4       0x48 c:/freescale/kds_v3/toolchain/bin/../lib/gcc/arm-none-eabi/4.8.4/../../../../arm-none-eabi/lib/armv6-m\libg_s.a(lib_a-reent.o)
 .debug_frame   0x000029fc       0x90 c:/freescale/kds_v3/toolchain/bin/../lib/gcc/arm-none-eabi/4.8.4/../../../../arm-none-eabi/lib/armv6-m\libg_s.a(lib_a-stdio.o)
 .debug_frame   0x00002a8c       0x2c c:/freescale/kds_v3/toolchain/bin/../lib/gcc/arm-none-eabi/4.8.4/../../../../arm-none-eabi/lib/armv6-m\libg_s.a(lib_a-writer.o)
 .debug_frame   0x00002ab8       0x2c c:/freescale/kds_v3/toolchain/bin/../lib/gcc/arm-none-eabi/4.8.4/../../../../arm-none-eabi/lib/armv6-m\libg_s.a(lib_a-closer.o)
 .debug_frame   0x00002ae4       0x2c c:/freescale/kds_v3/toolchain/bin/../lib/gcc/arm-none-eabi/4.8.4/../../../../arm-none-eabi/lib/armv6-m\libg_s.a(lib_a-fstatr.o)
 .debug_frame   0x00002b10       0x2c c:/freescale/kds_v3/toolchain/bin/../lib/gcc/arm-none-eabi/4.8.4/../../../../arm-none-eabi/lib/armv6-m\libg_s.a(lib_a-isattyr.o)
 .debug_frame   0x00002b3c       0x2c c:/freescale/kds_v3/toolchain/bin/../lib/gcc/arm-none-eabi/4.8.4/../../../../arm-none-eabi/lib/armv6-m\libg_s.a(lib_a-lseekr.o)
 .debug_frame   0x00002b68       0x2c c:/freescale/kds_v3/toolchain/bin/../lib/gcc/arm-none-eabi/4.8.4/../../../../arm-none-eabi/lib/armv6-m\libg_s.a(lib_a-readr.o)
 .debug_frame   0x00002b94       0x20 c:/freescale/kds_v3/toolchain/bin/../lib/gcc/arm-none-eabi/4.8.4/../../../../arm-none-eabi/lib/armv6-m\libnosys.a(close.o)
 .debug_frame   0x00002bb4       0x20 c:/freescale/kds_v3/toolchain/bin/../lib/gcc/arm-none-eabi/4.8.4/../../../../arm-none-eabi/lib/armv6-m\libnosys.a(fstat.o)
 .debug_frame   0x00002bd4       0x20 c:/freescale/kds_v3/toolchain/bin/../lib/gcc/arm-none-eabi/4.8.4/../../../../arm-none-eabi/lib/armv6-m\libnosys.a(isatty.o)
 .debug_frame   0x00002bf4       0x20 c:/freescale/kds_v3/toolchain/bin/../lib/gcc/arm-none-eabi/4.8.4/../../../../arm-none-eabi/lib/armv6-m\libnosys.a(lseek.o)
 .debug_frame   0x00002c14       0x20 c:/freescale/kds_v3/toolchain/bin/../lib/gcc/arm-none-eabi/4.8.4/../../../../arm-none-eabi/lib/armv6-m\libnosys.a(_exit.o)

.stab           0x00000000       0x6c
 .stab          0x00000000       0x24 c:/freescale/kds_v3/toolchain/bin/../lib/gcc/arm-none-eabi/4.8.4/../../../../arm-none-eabi/lib/armv6-m\libnosys.a(close.o)
 .stab          0x00000024       0x18 c:/freescale/kds_v3/toolchain/bin/../lib/gcc/arm-none-eabi/4.8.4/../../../../arm-none-eabi/lib/armv6-m\libnosys.a(fstat.o)
                                 0x24 (size before relaxing)
 .stab          0x0000003c       0x18 c:/freescale/kds_v3/toolchain/bin/../lib/gcc/arm-none-eabi/4.8.4/../../../../arm-none-eabi/lib/armv6-m\libnosys.a(isatty.o)
                                 0x24 (size before relaxing)
 .stab          0x00000054       0x18 c:/freescale/kds_v3/toolchain/bin/../lib/gcc/arm-none-eabi/4.8.4/../../../../arm-none-eabi/lib/armv6-m\libnosys.a(lseek.o)
                                 0x24 (size before relaxing)

.stabstr        0x00000000       0xe3
 .stabstr       0x00000000       0xe3 c:/freescale/kds_v3/toolchain/bin/../lib/gcc/arm-none-eabi/4.8.4/../../../../arm-none-eabi/lib/armv6-m\libnosys.a(close.o)
